ok  	github.com/opd-ai/vp8	2.141s
